[INFO] Scanning for projects...
[INFO] 
[INFO] ------------< com.smartcampus:smart-campus-operations-hub >-------------
[INFO] Building smart-campus-operations-hub 0.0.1-SNAPSHOT
[INFO]   from pom.xml
[INFO] --------------------------------[ jar ]---------------------------------
[INFO] 
[INFO] --- resources:3.3.1:resources (default-resources) @ smart-campus-operations-hub ---
[INFO] Copying 2 resources from src\main\resources to target\classes
[INFO] Copying 0 resource from src\main\resources to target\classes
[INFO] 
[INFO] --- compiler:3.14.1:compile (default-compile) @ smart-campus-operations-hub ---
[INFO] Recompiling the module because of changed source code.
[INFO] Compiling 63 source files with javac [debug parameters release 17] to target\classes
.\mvnw.cmd : WARNING: A 
terminally deprecated method in 
sun.misc.Unsafe has been called
At line:1 char:1
+ .\mvnw.cmd compile > 
build_output.txt 2>&1; 
Select-String -Path build ...
+ ~~~~~~~~~~~~~~~~~~~~~~~~~~~~~~
~~~~~~~~~~~~
    + CategoryInfo          : N 
   otSpecified: (WARNING: A te  
  rm...has been called:String   
 ) [], RemoteException
    + FullyQualifiedErrorId : N 
   ativeCommandError
 
WARNING: sun.misc.Unsafe::object
FieldOffset has been called by 
lombok.permit.Permit
WARNING: Please consider 
reporting this to the 
maintainers of class 
lombok.permit.Permit
WARNING: sun.misc.Unsafe::object
FieldOffset will be removed in 
a future release
[INFO] -------------------------------------------------------------
[ERROR] COMPILATION ERROR : 
[INFO] -------------------------------------------------------------
[ERROR] /C:/Users/isuri/Desktop/PAF_assignment/smart-campus-operations-hub/backend/src/main/java/com/smartcampus/service/FileService.java:[8,24] package javax.annotation does not exist
[ERROR] /C:/Users/isuri/Desktop/PAF_assignment/smart-campus-operations-hub/backend/src/main/java/com/smartcampus/service/TicketService.java:[157,17] cannot find symbol
  symbol:   class TicketImage
  location: class com.smartcampus.service.TicketService
[ERROR] /C:/Users/isuri/Desktop/PAF_assignment/smart-campus-operations-hub/backend/src/main/java/com/smartcampus/service/TicketService.java:[175,17] cannot find symbol
  symbol:   class TicketImage
  location: class com.smartcampus.service.TicketService
[ERROR] /C:/Users/isuri/Desktop/PAF_assignment/smart-campus-operations-hub/backend/src/main/java/com/smartcampus/service/FileService.java:[24,6] cannot find symbol
  symbol:   class PostConstruct
  location: class com.smartcampus.service.FileService
[INFO] 4 errors 
[INFO] -------------------------------------------------------------
[INFO] ------------------------------------------------------------------------
[INFO] BUILD FAILURE
[INFO] ------------------------------------------------------------------------
[INFO] Total time:  2.426 s
[INFO] Finished at: 2026-04-09T01:24:58+05:30
[INFO] ------------------------------------------------------------------------
[ERROR] Failed to execute goal org.apache.maven.plugins:maven-compiler-plugin:3.14.1:compile (default-compile) on project smart-campus-operations-hub: Compilation failure: Compilation failure: 
[ERROR] /C:/Users/isuri/Desktop/PAF_assignment/smart-campus-operations-hub/backend/src/main/java/com/smartcampus/service/FileService.java:[8,24] package javax.annotation does not exist
[ERROR] /C:/Users/isuri/Desktop/PAF_assignment/smart-campus-operations-hub/backend/src/main/java/com/smartcampus/service/TicketService.java:[157,17] cannot find symbol
[ERROR]   symbol:   class TicketImage
[ERROR]   location: class com.smartcampus.service.TicketService
[ERROR] /C:/Users/isuri/Desktop/PAF_assignment/smart-campus-operations-hub/backend/src/main/java/com/smartcampus/service/TicketService.java:[175,17] cannot find symbol
[ERROR]   symbol:   class TicketImage
[ERROR]   location: class com.smartcampus.service.TicketService
[ERROR] /C:/Users/isuri/Desktop/PAF_assignment/smart-campus-operations-hub/backend/src/main/java/com/smartcampus/service/FileService.java:[24,6] cannot find symbol
[ERROR]   symbol:   class PostConstruct
[ERROR]   location: class com.smartcampus.service.FileService
[ERROR] -> [Help 1]
[ERROR] 
[ERROR] To see the full stack trace of the errors, re-run Maven with the -e switch.
[ERROR] Re-run Maven using the -X switch to enable full debug logging.
[ERROR] 
[ERROR] For more information about the errors and possible solutions, please read the following articles:
[ERROR] [Help 1] http://cwiki.apache.org/confluence/display/MAVEN/MojoFailureException
